// Jest Snapshot v1, https://goo.gl/fbAQLP

exports[`should render the blog card with title, subtitle, author and text 1`] = `
Object {
  "asFragment": [Function],
  "baseElement": <body>
    <div>
      <div
        class="blog-card"
      >
        <div
          class="details"
        >
          <div
            class="title"
          >
            Test title
          </div>
          <div
            class="subtitle"
          >
            Test subtitle
          </div>
          <div
            class="text"
          >
            lorem ipsum blah blah blah
          </div>
        </div>
        <div
          class="image"
        >
          <img
            src="https://www.fillmurray.com/300/200"
          />
        </div>
      </div>
    </div>
  </body>,
  "container": <div>
    <div
      class="blog-card"
    >
      <div
        class="details"
      >
        <div
          class="title"
        >
          Test title
        </div>
        <div
          class="subtitle"
        >
          Test subtitle
        </div>
        <div
          class="text"
        >
          lorem ipsum blah blah blah
        </div>
      </div>
      <div
        class="image"
      >
        <img
          src="https://www.fillmurray.com/300/200"
        />
      </div>
    </div>
  </div>,
  "debug": [Function],
  "findAllByAltText": [Function],
  "findAllByDisplayValue": [Function],
  "findAllByLabelText": [Function],
  "findAllByPlaceholderText": [Function],
  "findAllByRole": [Function],
  "findAllByTestId": [Function],
  "findAllByText": [Function],
  "findAllByTitle": [Function],
  "findByAltText": [Function],
  "findByDisplayValue": [Function],
  "findByLabelText": [Function],
  "findByPlaceholderText": [Function],
  "findByRole": [Function],
  "findByTestId": [Function],
  "findByText": [Function],
  "findByTitle": [Function],
  "getAllByAltText": [Function],
  "getAllByDisplayValue": [Function],
  "getAllByLabelText": [Function],
  "getAllByPlaceholderText": [Function],
  "getAllByRole": [Function],
  "getAllByTestId": [Function],
  "getAllByText": [Function],
  "getAllByTitle": [Function],
  "getByAltText": [Function],
  "getByDisplayValue": [Function],
  "getByLabelText": [Function],
  "getByPlaceholderText": [Function],
  "getByRole": [Function],
  "getByTestId": [Function],
  "getByText": [Function],
  "getByTitle": [Function],
  "queryAllByAltText": [Function],
  "queryAllByDisplayValue": [Function],
  "queryAllByLabelText": [Function],
  "queryAllByPlaceholderText": [Function],
  "queryAllByRole": [Function],
  "queryAllByTestId": [Function],
  "queryAllByText": [Function],
  "queryAllByTitle": [Function],
  "queryByAltText": [Function],
  "queryByDisplayValue": [Function],
  "queryByLabelText": [Function],
  "queryByPlaceholderText": [Function],
  "queryByRole": [Function],
  "queryByTestId": [Function],
  "queryByText": [Function],
  "queryByTitle": [Function],
  "rerender": [Function],
  "unmount": [Function],
}
`;
